사용자 설정 파일 로드 실패: Expecting value: line 1 column 1 (char 0)
2025-08-26 10:52:24,575 - src.main11_convert_addr2loc - INFO - Naver SQLite 캐시 사용
2025-08-26 10:52:24,575 - src.main11_convert_addr2loc - INFO - Geocoding 서비스 로드: NAVER
2025-08-26 10:52:24,575 - __main__ - INFO - Naver 지오코딩 서비스 로드 완료
2025-08-26 10:52:24,575 - __main__ - INFO - 파일 로드 중: 긴급복구.csv
2025-08-26 10:52:24,586 - __main__ - INFO -   - 로드 완료: 710행
2025-08-26 10:52:24,586 - __main__ - INFO - 파일 로드 중: 긴급복구공사관리(0520).csv
2025-08-26 10:52:24,589 - __main__ - INFO -   - 로드 완료: 254행
2025-08-26 10:52:24,589 - __main__ - INFO - 중복 제거 및 병합 시작
2025-08-26 10:52:24,589 - __main__ - INFO -   - 입력: df1=710행, df2=254행
2025-08-26 10:52:24,591 - __main__ - INFO -   - df1: 접수번호 있음=684, 없음=26
2025-08-26 10:52:24,591 - __main__ - INFO -   - df2: 접수번호 있음=254, 없음=0
2025-08-26 10:52:24,592 - __main__ - INFO -   - 중복 접수번호 41개 발견 (df2에서 제거)
2025-08-26 10:52:24,592 - __main__ - INFO -     예시: ['20220725-0240', '20220711-0567', '20220711-0241', '20220711-0239', '20220704-0539']
2025-08-26 10:52:24,593 - __main__ - INFO -   - 병합 완료: 총 923행
2025-08-26 10:52:24,593 - __main__ - INFO -     (df1: 710행 + df2: 213행)
2025-08-26 10:52:24,594 - __main__ - INFO - 지오코딩 시작
2025-08-26 10:52:24,594 - __main__ - INFO -   - 처리할 주소: 923개
2025-08-26 10:52:24,594 - src.main11_convert_addr2loc - INFO - 주소 923개 중 유효한 주소 921개를 좌표로 변환 중...
2025-08-26 10:52:24,594 - src.main11_convert_addr2loc - INFO - 진행 상황: [1/921] (0.1%)
2025-08-26 10:52:24,596 - src.common.geocoding_naver_sqlite - INFO - Naver SQLite 캐시 초기화 완료: /Users/jhpark/development/eroumtech/fatigue-qgis/results/geocoding_cache_naver.db
2025-08-26 10:52:39,540 - src.main11_convert_addr2loc - INFO - 진행 상황: [100/921] (10.9%)
2025-08-26 10:53:25,391 - src.common.geocoding_naver_sqlite - WARNING - Naver: 검색 결과 없음 - 산격동 1441-75 B동 203호 (전처리: 산격동 1441-75203)
2025-08-26 10:53:45,283 - src.main11_convert_addr2loc - INFO - 진행 상황: [200/921] (21.7%)
2025-08-26 10:54:48,214 - src.main11_convert_addr2loc - INFO - 진행 상황: [300/921] (32.6%)
2025-08-26 10:55:52,502 - src.main11_convert_addr2loc - INFO - 진행 상황: [400/921] (43.4%)
2025-08-26 10:56:56,378 - src.main11_convert_addr2loc - INFO - 진행 상황: [500/921] (54.3%)
2025-08-26 10:56:56,917 - src.main11_convert_addr2loc - INFO - === 중간 통계: 499개 성공, 1개 실패, 성공률 99.8% ===
2025-08-26 10:57:57,568 - src.main11_convert_addr2loc - INFO - 진행 상황: [600/921] (65.1%)
2025-08-26 10:58:59,810 - src.main11_convert_addr2loc - INFO - 진행 상황: [700/921] (76.0%)
2025-08-26 10:59:36,952 - src.common.geocoding_naver_sqlite - WARNING - Naver: 검색 결과 없음 - 산격동 1165 2동 201호 (전처리: 산격동 1165201)
2025-08-26 10:59:56,284 - src.main11_convert_addr2loc - INFO - 진행 상황: [800/921] (86.9%)
2025-08-26 11:00:57,091 - src.main11_convert_addr2loc - INFO - 진행 상황: [900/921] (97.7%)
2025-08-26 11:01:12,625 - src.main11_convert_addr2loc - INFO - Geocoding 완료: 919/921개 성공
2025-08-26 11:01:12,626 - src.main11_convert_addr2loc - INFO - 실패한 주소 4개
2025-08-26 11:01:12,639 - __main__ - INFO -   - 지오코딩 완료: 919/923개 성공 (99.6%)
2025-08-26 11:01:12,656 - __main__ - INFO - 결과 저장 완료: /Users/jhpark/development/eroumtech/fatigue-qgis/results/긴급공사_위치추가.csv
2025-08-26 11:01:12,656 - __main__ - INFO -   - 총 923행 x 32열
2025-08-26 11:01:12,660 - __main__ - INFO -   - 유효한 좌표: 919행
2025-08-26 11:01:12,663 - __main__ - INFO -   - 실패 주소 저장: 긴급공사_위치추가_실패주소.txt
================================================================================
긴급공사 데이터 병합 및 지오코딩
================================================================================

1. 데이터 파일 로드

2. 중복 제거 및 병합

3. 주소를 좌표로 변환 (지오코딩)
   ※ 처리 시간이 걸릴 수 있습니다...

4. 결과 저장

================================================================================
처리 완료 요약
================================================================================
입력 파일 1: 긴급복구.csv (710행)
입력 파일 2: 긴급복구공사관리(0520).csv (254행)
중복 제거 후: 923행
출력 파일: 긴급공사_위치추가.csv

지오코딩 결과:
  - 성공: 919개
  - 실패: 4개
  - 성공률: 99.6%
