2025-12-12 13:53:51,761 - root - INFO - ======================================================================
2025-12-12 13:53:51,762 - root - INFO - Starting main41_fill_pressure_gaps.py
2025-12-12 13:53:51,762 - root - INFO - ======================================================================
2025-12-12 13:53:51,762 - root - INFO - Processing areas: ['0243', '0461', '0470', '0480', '0490', '0520']
2025-12-12 13:53:51,762 - root - INFO - 
Processing area: 0243
2025-12-12 13:53:51,762 - root - INFO - --------------------------------------------------
2025-12-12 13:53:51,972 - root - INFO - Loaded 0243: 231372 records, 0 missing values
2025-12-12 13:53:51,972 - root - INFO - 0243: No gaps detected
2025-12-12 13:53:51,972 - root - INFO - 
Processing area: 0461
2025-12-12 13:53:51,972 - root - INFO - --------------------------------------------------
2025-12-12 13:53:52,180 - root - INFO - Loaded 0461: 231372 records, 1 missing values
2025-12-12 13:53:52,181 - root - INFO - 0461: Found 1 gaps
2025-12-12 13:53:52,182 - root - INFO -   Gap 1: 1 points (0.08h) - Using XGBoost
2025-12-12 13:53:52,354 - root - INFO - 0461: Validation - {'no_new_nans': True, 'all_gaps_filled': True, 'continuity_preserved': True, 'variance_ratio': np.float64(0.9999962504375896), 'mean_shift': np.float64(-3.726452635244293e-06)}
2025-12-12 13:53:52,723 - root - INFO - Saved filled data: /Users/jhpark/development/eroumtech/fatigue/fatigue-qgis/results/main41_gap_filling/filled_data/0461_filled.csv
2025-12-12 13:53:52,724 - root - INFO - Saved metrics: /Users/jhpark/development/eroumtech/fatigue/fatigue-qgis/results/main41_gap_filling/quality_metrics/0461_metrics.json
2025-12-12 13:53:53,300 - root - INFO - Saved visualization: /Users/jhpark/development/eroumtech/fatigue/fatigue-qgis/results/main41_gap_filling/visualizations/0461_gap_comparison.png
2025-12-12 13:53:53,300 - root - INFO - 
Processing area: 0470
2025-12-12 13:53:53,301 - root - INFO - --------------------------------------------------
2025-12-12 13:53:53,465 - root - INFO - Loaded 0470: 205164 records, 2 missing values
2025-12-12 13:53:53,466 - root - INFO - 0470: Found 1 gaps
2025-12-12 13:53:53,466 - root - INFO -   Gap 1: 2 points (0.17h) - Using XGBoost
2025-12-12 13:53:53,600 - root - INFO - 0470: Validation - {'no_new_nans': True, 'all_gaps_filled': True, 'continuity_preserved': True, 'variance_ratio': np.float64(0.9999917211492496), 'mean_shift': np.float64(-9.534161926616491e-07)}
2025-12-12 13:53:53,891 - root - INFO - Saved filled data: /Users/jhpark/development/eroumtech/fatigue/fatigue-qgis/results/main41_gap_filling/filled_data/0470_filled.csv
2025-12-12 13:53:53,892 - root - INFO - Saved metrics: /Users/jhpark/development/eroumtech/fatigue/fatigue-qgis/results/main41_gap_filling/quality_metrics/0470_metrics.json
2025-12-12 13:53:54,340 - root - INFO - Saved visualization: /Users/jhpark/development/eroumtech/fatigue/fatigue-qgis/results/main41_gap_filling/visualizations/0470_gap_comparison.png
2025-12-12 13:53:54,340 - root - INFO - 
Processing area: 0480
2025-12-12 13:53:54,340 - root - INFO - --------------------------------------------------
2025-12-12 13:53:54,513 - root - INFO - Loaded 0480: 223308 records, 6925 missing values
2025-12-12 13:53:54,513 - root - INFO - 0480: Found 1 gaps
2025-12-12 13:53:54,514 - root - INFO -   Gap 1: 6925 points (577.08h) - Using Spectral
2025-12-12 13:54:32,709 - common.gap_fill_utils - WARNING - ARMA fitting failed: Prediction must have `end` after `start`.. Using linear interpolation.
2025-12-12 13:54:32,724 - root - INFO - 0480: Validation - {'no_new_nans': True, 'all_gaps_filled': True, 'continuity_preserved': True, 'variance_ratio': np.float64(0.9914470635259148), 'mean_shift': np.float64(-0.005085177720494549)}
2025-12-12 13:54:33,047 - root - INFO - Saved filled data: /Users/jhpark/development/eroumtech/fatigue/fatigue-qgis/results/main41_gap_filling/filled_data/0480_filled.csv
2025-12-12 13:54:33,048 - root - INFO - Saved metrics: /Users/jhpark/development/eroumtech/fatigue/fatigue-qgis/results/main41_gap_filling/quality_metrics/0480_metrics.json
2025-12-12 13:54:33,579 - root - INFO - Saved visualization: /Users/jhpark/development/eroumtech/fatigue/fatigue-qgis/results/main41_gap_filling/visualizations/0480_gap_comparison.png
2025-12-12 13:54:33,579 - root - INFO - 
Processing area: 0490
2025-12-12 13:54:33,579 - root - INFO - --------------------------------------------------
2025-12-12 13:54:33,715 - root - INFO - Loaded 0490: 197100 records, 6926 missing values
2025-12-12 13:54:33,715 - root - INFO - 0490: Found 1 gaps
2025-12-12 13:54:33,716 - root - INFO -   Gap 1: 6926 points (577.17h) - Using Spectral
2025-12-12 13:55:10,238 - common.gap_fill_utils - WARNING - ARMA fitting failed: Prediction must have `end` after `start`.. Using linear interpolation.
2025-12-12 13:55:10,244 - root - INFO - 0490: Validation - {'no_new_nans': True, 'all_gaps_filled': True, 'continuity_preserved': True, 'variance_ratio': np.float64(0.969096061485739), 'mean_shift': np.float64(-0.0029288200612564985)}
2025-12-12 13:55:10,520 - root - INFO - Saved filled data: /Users/jhpark/development/eroumtech/fatigue/fatigue-qgis/results/main41_gap_filling/filled_data/0490_filled.csv
2025-12-12 13:55:10,520 - root - INFO - Saved metrics: /Users/jhpark/development/eroumtech/fatigue/fatigue-qgis/results/main41_gap_filling/quality_metrics/0490_metrics.json
2025-12-12 13:55:10,969 - root - INFO - Saved visualization: /Users/jhpark/development/eroumtech/fatigue/fatigue-qgis/results/main41_gap_filling/visualizations/0490_gap_comparison.png
2025-12-12 13:55:10,969 - root - INFO - 
Processing area: 0520
2025-12-12 13:55:10,969 - root - INFO - --------------------------------------------------
2025-12-12 13:55:10,970 - root - WARNING - File not found: /Users/jhpark/development/eroumtech/fatigue/fatigue-qgis/data/raw/0520 소구역 압력 데이터.csv
2025-12-12 13:55:10,970 - root - WARNING - Skipping 0520: Failed to load data
2025-12-12 13:55:10,970 - root - INFO - Report saved: /Users/jhpark/development/eroumtech/fatigue/fatigue-qgis/results/main41_gap_filling/gap_filling_report.md
2025-12-12 13:55:10,970 - root - INFO - 
======================================================================
2025-12-12 13:55:10,970 - root - INFO - Processing completed
2025-12-12 13:55:10,970 - root - INFO - Report: /Users/jhpark/development/eroumtech/fatigue/fatigue-qgis/results/main41_gap_filling/gap_filling_report.md
2025-12-12 13:55:10,970 - root - INFO - ======================================================================
2025-12-12 13:55:10,971 - __main__ - INFO - main took 79.21 seconds
