2025-12-12 14:28:42,513 - root - INFO - ======================================================================
2025-12-12 14:28:42,513 - root - INFO - Starting main41_fill_pressure_gaps.py
2025-12-12 14:28:42,513 - root - INFO - ======================================================================
2025-12-12 14:28:42,513 - root - INFO - Processing areas: ['0243', '0461', '0470', '0480', '0490', '0520']
2025-12-12 14:28:42,513 - root - INFO - 
Processing area: 0243
2025-12-12 14:28:42,513 - root - INFO - --------------------------------------------------
2025-12-12 14:28:42,514 - root - WARNING - No pressure data file found for area 0243
2025-12-12 14:28:42,514 - root - WARNING - Skipping 0243: Failed to load data
2025-12-12 14:28:42,514 - root - INFO - 
Processing area: 0461
2025-12-12 14:28:42,514 - root - INFO - --------------------------------------------------
2025-12-12 14:28:42,514 - root - WARNING - No pressure data file found for area 0461
2025-12-12 14:28:42,514 - root - WARNING - Skipping 0461: Failed to load data
2025-12-12 14:28:42,514 - root - INFO - 
Processing area: 0470
2025-12-12 14:28:42,514 - root - INFO - --------------------------------------------------
2025-12-12 14:28:42,514 - root - WARNING - No pressure data file found for area 0470
2025-12-12 14:28:42,514 - root - WARNING - Skipping 0470: Failed to load data
2025-12-12 14:28:42,514 - root - INFO - 
Processing area: 0480
2025-12-12 14:28:42,514 - root - INFO - --------------------------------------------------
2025-12-12 14:28:42,514 - root - WARNING - No pressure data file found for area 0480
2025-12-12 14:28:42,514 - root - WARNING - Skipping 0480: Failed to load data
2025-12-12 14:28:42,514 - root - INFO - 
Processing area: 0490
2025-12-12 14:28:42,514 - root - INFO - --------------------------------------------------
2025-12-12 14:28:42,514 - root - WARNING - No pressure data file found for area 0490
2025-12-12 14:28:42,514 - root - WARNING - Skipping 0490: Failed to load data
2025-12-12 14:28:42,514 - root - INFO - 
Processing area: 0520
2025-12-12 14:28:42,514 - root - INFO - --------------------------------------------------
2025-12-12 14:28:42,514 - root - INFO - Looking in directory: /Users/jhpark/development/eroumtech/fatigue/fatigue-qgis/data/raw
2025-12-12 14:28:42,514 - root - INFO - Found 13 CSV files
2025-12-12 14:28:42,514 - root - INFO -   - 0520_pipe_soil.csv
2025-12-12 14:28:42,514 - root - INFO -   - 0520 중구역 압력 데이터.csv
2025-12-12 14:28:42,514 - root - INFO -   - 0520_supply_soil.csv
2025-12-12 14:28:42,514 - root - WARNING - No pressure data file found for area 0520
2025-12-12 14:28:42,514 - root - WARNING - Skipping 0520: Failed to load data
2025-12-12 14:28:42,515 - root - INFO - Report saved: /Users/jhpark/development/eroumtech/fatigue/fatigue-qgis/results/main41_gap_filling/gap_filling_report.md
2025-12-12 14:28:42,515 - root - INFO - 
======================================================================
2025-12-12 14:28:42,515 - root - INFO - Processing completed
2025-12-12 14:28:42,515 - root - INFO - Report: /Users/jhpark/development/eroumtech/fatigue/fatigue-qgis/results/main41_gap_filling/gap_filling_report.md
2025-12-12 14:28:42,515 - root - INFO - ======================================================================
2025-12-12 14:28:42,515 - __main__ - INFO - main took 0.00 seconds
