2025-12-12 15:08:40,709 - root - INFO - === main40_analyze_pressure_gaps 시작 ===
2025-12-12 15:08:40,710 - root - INFO - 출력 디렉토리: /Users/jhpark/development/eroumtech/fatigue/fatigue-qgis/results/main40_data_quality
2025-12-12 15:08:40,710 - root - INFO - 임계값: {'missing_ratio_warning': 1.0, 'missing_ratio_critical': 3.0, 'consecutive_hours_warning': 24, 'consecutive_days_critical': 7}
2025-12-12 15:08:40,713 - root - WARNING - ! 한글 폰트를 찾을 수 없습니다. 영문 레이블을 사용합니다.
2025-12-12 15:08:40,715 - root - INFO - 유효한 압력 데이터 파일: 6/6
2025-12-12 15:08:40,715 - root - INFO - 처리 중: 0243 (0243 소구역 압력 데이터.csv)
2025-12-12 15:08:40,929 - __main__ - INFO - load_pressure_data took 0.21 seconds
2025-12-12 15:08:40,947 - root - INFO -   - 결측 비율: 0.000%, 불규칙 간격: 2개
2025-12-12 15:08:40,947 - root - INFO - 압력 데이터 분석: 16% (1/6)
2025-12-12 15:08:40,947 - root - INFO - 처리 중: 0461 (0461 소구역 압력 데이터.csv)
2025-12-12 15:08:41,146 - __main__ - INFO - load_pressure_data took 0.20 seconds
2025-12-12 15:08:41,160 - root - INFO -   - 결측 비율: 0.000%, 불규칙 간격: 2개
2025-12-12 15:08:41,160 - root - INFO - 압력 데이터 분석: 33% (2/6)
2025-12-12 15:08:41,160 - root - INFO - 처리 중: 0470 (0470 소구역 압력 데이터.csv)
2025-12-12 15:08:41,346 - __main__ - INFO - load_pressure_data took 0.19 seconds
2025-12-12 15:08:41,371 - root - INFO -   - 결측 비율: 0.001%, 불규칙 간격: 2개
2025-12-12 15:08:41,371 - root - INFO - 압력 데이터 분석: 50% (3/6)
2025-12-12 15:08:41,371 - root - INFO - 처리 중: 0480 (0480 소구역 압력 데이터.csv)
2025-12-12 15:08:41,570 - __main__ - INFO - load_pressure_data took 0.20 seconds
2025-12-12 15:08:41,586 - root - INFO -   - 결측 비율: 3.101%, 불규칙 간격: 2개
2025-12-12 15:08:41,586 - root - INFO - 압력 데이터 분석: 66% (4/6)
2025-12-12 15:08:41,586 - root - INFO - 처리 중: 0490 (0490 소구역 압력 데이터.csv)
2025-12-12 15:08:41,744 - __main__ - INFO - load_pressure_data took 0.16 seconds
2025-12-12 15:08:41,758 - root - INFO -   - 결측 비율: 3.514%, 불규칙 간격: 2개
2025-12-12 15:08:41,758 - root - INFO - 압력 데이터 분석: 83% (5/6)
2025-12-12 15:08:41,758 - root - INFO - 처리 중: 0520 (0520 중구역 압력 데이터.csv)
2025-12-12 15:08:41,927 - __main__ - INFO - load_pressure_data took 0.17 seconds
2025-12-12 15:08:41,939 - root - INFO -   - 결측 비율: 0.001%, 불규칙 간격: 2개
2025-12-12 15:08:41,940 - root - INFO - 압력 데이터 분석: 100% (6/6)
2025-12-12 15:08:41,940 - root - INFO - 압력 데이터 분석: 100% completed (6/6)
2025-12-12 15:08:41,940 - root - INFO - 경고 메시지 생성 중...
2025-12-12 15:08:41,940 - root - WARNING - 🔴 CRITICAL: 0480 지역 결측 비율 3.10% (임계값: 3.0%)
2025-12-12 15:08:41,940 - root - WARNING - 🔴 CRITICAL: 0480 지역 최대 연속 결측 24.0일 (2025-05-19 ~ 2025-06-12)
2025-12-12 15:08:41,940 - root - WARNING - 🔴 CRITICAL: 0490 지역 결측 비율 3.51% (임계값: 3.0%)
2025-12-12 15:08:41,940 - root - WARNING - 🔴 CRITICAL: 0490 지역 최대 연속 결측 24.0일 (2025-05-19 ~ 2025-06-12)
2025-12-12 15:08:41,940 - root - INFO - 시각화 생성 중...
2025-12-12 15:08:42,150 - matplotlib.category - INFO - Using categorical units to plot a list of strings that are all parsable as floats or dates. If these strings should be plotted as numbers, cast to the appropriate data type before plotting.
2025-12-12 15:08:42,151 - matplotlib.category - INFO - Using categorical units to plot a list of strings that are all parsable as floats or dates. If these strings should be plotted as numbers, cast to the appropriate data type before plotting.
2025-12-12 15:08:42,370 - root - INFO -   ✓ 결측 비율 비교 그래프 생성 완료
2025-12-12 15:08:42,946 - root - INFO -   ✓ 0243 타임라인 생성 완료
2025-12-12 15:08:43,258 - root - INFO -   ✓ 0461 타임라인 생성 완료
2025-12-12 15:08:43,562 - root - INFO -   ✓ 0470 타임라인 생성 완료
2025-12-12 15:08:43,852 - root - INFO -   ✓ 0480 타임라인 생성 완료
2025-12-12 15:08:44,148 - root - INFO -   ✓ 0490 타임라인 생성 완료
2025-12-12 15:08:44,409 - root - INFO -   ✓ 0520 타임라인 생성 완료
2025-12-12 15:08:44,713 - root - INFO -   ✓ 시간 간격 분포 생성 완료
2025-12-12 15:08:44,713 - root - INFO - Markdown 보고서 생성 중...
2025-12-12 15:08:44,714 - root - INFO -   ✓ 보고서 생성 완료: /Users/jhpark/development/eroumtech/fatigue/fatigue-qgis/results/main40_data_quality/data_quality_report.md
2025-12-12 15:08:44,714 - root - INFO - === main40 완료 ===
2025-12-12 15:08:44,714 - root - INFO - 결과 디렉토리: /Users/jhpark/development/eroumtech/fatigue/fatigue-qgis/results/main40_data_quality
2025-12-12 15:08:44,714 - __main__ - INFO - main took 4.00 seconds
