2025-12-12 15:06:00,104 - root - INFO - === main40_analyze_pressure_gaps 시작 ===
2025-12-12 15:06:00,104 - root - INFO - 출력 디렉토리: /Users/jhpark/development/eroumtech/fatigue/fatigue-qgis/results/main40_data_quality
2025-12-12 15:06:00,104 - root - INFO - 임계값: {'missing_ratio_warning': 1.0, 'missing_ratio_critical': 3.0, 'consecutive_hours_warning': 24, 'consecutive_days_critical': 7}
2025-12-12 15:06:00,107 - root - WARNING - ! 한글 폰트를 찾을 수 없습니다. 영문 레이블을 사용합니다.
2025-12-12 15:06:00,108 - root - INFO - 유효한 압력 데이터 파일: 6/6
2025-12-12 15:06:00,108 - root - INFO - 처리 중: 0243 (0243 소구역 압력 데이터.csv)
2025-12-12 15:06:00,332 - __main__ - INFO - load_pressure_data took 0.22 seconds
2025-12-12 15:06:00,351 - root - INFO -   - 결측 비율: 0.000%, 불규칙 간격: 2개
2025-12-12 15:06:00,351 - root - INFO - 압력 데이터 분석: 16% (1/6)
2025-12-12 15:06:00,351 - root - INFO - 처리 중: 0461 (0461 소구역 압력 데이터.csv)
2025-12-12 15:06:00,566 - __main__ - INFO - load_pressure_data took 0.21 seconds
2025-12-12 15:06:00,580 - root - INFO -   - 결측 비율: 0.000%, 불규칙 간격: 2개
2025-12-12 15:06:00,581 - root - INFO - 압력 데이터 분석: 33% (2/6)
2025-12-12 15:06:00,581 - root - INFO - 처리 중: 0470 (0470 소구역 압력 데이터.csv)
2025-12-12 15:06:00,760 - __main__ - INFO - load_pressure_data took 0.18 seconds
2025-12-12 15:06:00,779 - root - INFO -   - 결측 비율: 0.001%, 불규칙 간격: 2개
2025-12-12 15:06:00,779 - root - INFO - 압력 데이터 분석: 50% (3/6)
2025-12-12 15:06:00,779 - root - INFO - 처리 중: 0480 (0480 소구역 압력 데이터.csv)
2025-12-12 15:06:00,969 - __main__ - INFO - load_pressure_data took 0.19 seconds
2025-12-12 15:06:00,984 - root - INFO -   - 결측 비율: 3.101%, 불규칙 간격: 2개
2025-12-12 15:06:00,984 - root - INFO - 압력 데이터 분석: 66% (4/6)
2025-12-12 15:06:00,984 - root - INFO - 처리 중: 0490 (0490 소구역 압력 데이터.csv)
2025-12-12 15:06:01,170 - __main__ - INFO - load_pressure_data took 0.19 seconds
2025-12-12 15:06:01,184 - root - INFO -   - 결측 비율: 3.514%, 불규칙 간격: 2개
2025-12-12 15:06:01,184 - root - INFO - 압력 데이터 분석: 83% (5/6)
2025-12-12 15:06:01,184 - root - INFO - 처리 중: 0520 (0520 중구역 압력 데이터.csv)
2025-12-12 15:06:01,369 - __main__ - INFO - load_pressure_data took 0.18 seconds
2025-12-12 15:06:01,385 - root - INFO -   - 결측 비율: 0.001%, 불규칙 간격: 2개
2025-12-12 15:06:01,385 - root - INFO - 압력 데이터 분석: 100% (6/6)
2025-12-12 15:06:01,385 - root - INFO - 압력 데이터 분석: 100% completed (6/6)
2025-12-12 15:06:01,385 - root - INFO - 경고 메시지 생성 중...
2025-12-12 15:06:01,386 - root - WARNING - 🔴 CRITICAL: 0480 지역 결측 비율 3.10% (임계값: 3.0%)
2025-12-12 15:06:01,386 - root - WARNING - 🔴 CRITICAL: 0480 지역 최대 연속 결측 24.0일 (2025-05-19 ~ 2025-06-12)
2025-12-12 15:06:01,386 - root - WARNING - 🔴 CRITICAL: 0490 지역 결측 비율 3.51% (임계값: 3.0%)
2025-12-12 15:06:01,386 - root - WARNING - 🔴 CRITICAL: 0490 지역 최대 연속 결측 24.0일 (2025-05-19 ~ 2025-06-12)
2025-12-12 15:06:01,386 - root - INFO - 시각화 생성 중...
2025-12-12 15:06:01,575 - matplotlib.category - INFO - Using categorical units to plot a list of strings that are all parsable as floats or dates. If these strings should be plotted as numbers, cast to the appropriate data type before plotting.
2025-12-12 15:06:01,576 - matplotlib.category - INFO - Using categorical units to plot a list of strings that are all parsable as floats or dates. If these strings should be plotted as numbers, cast to the appropriate data type before plotting.
2025-12-12 15:06:01,797 - root - INFO -   ✓ 결측 비율 비교 그래프 생성 완료
2025-12-12 15:06:02,529 - root - INFO -   ✓ 0243 타임라인 생성 완료
2025-12-12 15:06:02,815 - root - INFO -   ✓ 0461 타임라인 생성 완료
2025-12-12 15:06:03,147 - root - INFO -   ✓ 0470 타임라인 생성 완료
2025-12-12 15:06:03,478 - root - INFO -   ✓ 0480 타임라인 생성 완료
2025-12-12 15:06:03,785 - root - INFO -   ✓ 0490 타임라인 생성 완료
2025-12-12 15:06:04,024 - root - INFO -   ✓ 0520 타임라인 생성 완료
2025-12-12 15:06:04,332 - root - INFO -   ✓ 시간 간격 분포 생성 완료
2025-12-12 15:06:04,332 - root - INFO - Markdown 보고서 생성 중...
2025-12-12 15:06:04,333 - root - INFO -   ✓ 보고서 생성 완료: /Users/jhpark/development/eroumtech/fatigue/fatigue-qgis/results/main40_data_quality/data_quality_report.md
2025-12-12 15:06:04,333 - root - INFO - === main40 완료 ===
2025-12-12 15:06:04,333 - root - INFO - 결과 디렉토리: /Users/jhpark/development/eroumtech/fatigue/fatigue-qgis/results/main40_data_quality
2025-12-12 15:06:04,333 - __main__ - INFO - main took 4.23 seconds
