2025-12-12 15:01:35,138 - root - INFO - === main40_analyze_pressure_gaps 시작 ===
2025-12-12 15:01:35,138 - root - INFO - 출력 디렉토리: /Users/jhpark/development/eroumtech/fatigue/fatigue-qgis/results/main40_data_quality
2025-12-12 15:01:35,138 - root - INFO - 임계값: {'missing_ratio_warning': 1.0, 'missing_ratio_critical': 3.0, 'consecutive_hours_warning': 24, 'consecutive_days_critical': 7}
2025-12-12 15:01:35,165 - root - WARNING - ! 한글 폰트를 찾을 수 없습니다. 영문 레이블을 사용합니다.
2025-12-12 15:01:35,165 - root - INFO - 유효한 압력 데이터 파일: 6/6
2025-12-12 15:01:35,166 - root - INFO - 처리 중: 0243 (0243 소구역 압력 데이터.csv)
2025-12-12 15:01:35,398 - __main__ - INFO - load_pressure_data took 0.23 seconds
2025-12-12 15:01:35,416 - root - INFO -   - 결측 비율: 0.000%, 불규칙 간격: 2개
2025-12-12 15:01:35,416 - root - INFO - 압력 데이터 분석: 16% (1/6)
2025-12-12 15:01:35,416 - root - INFO - 처리 중: 0461 (0461 소구역 압력 데이터.csv)
2025-12-12 15:01:35,626 - __main__ - INFO - load_pressure_data took 0.21 seconds
2025-12-12 15:01:35,640 - root - INFO -   - 결측 비율: 0.000%, 불규칙 간격: 2개
2025-12-12 15:01:35,641 - root - INFO - 압력 데이터 분석: 33% (2/6)
2025-12-12 15:01:35,641 - root - INFO - 처리 중: 0470 (0470 소구역 압력 데이터.csv)
2025-12-12 15:01:35,829 - __main__ - INFO - load_pressure_data took 0.19 seconds
2025-12-12 15:01:35,841 - root - INFO -   - 결측 비율: 0.001%, 불규칙 간격: 2개
2025-12-12 15:01:35,841 - root - INFO - 압력 데이터 분석: 50% (3/6)
2025-12-12 15:01:35,842 - root - INFO - 처리 중: 0480 (0480 소구역 압력 데이터.csv)
2025-12-12 15:01:36,057 - __main__ - INFO - load_pressure_data took 0.22 seconds
2025-12-12 15:01:36,098 - root - INFO -   - 결측 비율: 3.101%, 불규칙 간격: 2개
2025-12-12 15:01:36,098 - root - INFO - 압력 데이터 분석: 66% (4/6)
2025-12-12 15:01:36,098 - root - INFO - 처리 중: 0490 (0490 소구역 압력 데이터.csv)
2025-12-12 15:01:36,343 - __main__ - INFO - load_pressure_data took 0.24 seconds
2025-12-12 15:01:36,377 - root - INFO -   - 결측 비율: 3.514%, 불규칙 간격: 2개
2025-12-12 15:01:36,378 - root - INFO - 압력 데이터 분석: 83% (5/6)
2025-12-12 15:01:36,378 - root - INFO - 처리 중: 0520 (0520 중구역 압력 데이터.csv)
2025-12-12 15:01:36,655 - __main__ - INFO - load_pressure_data took 0.28 seconds
2025-12-12 15:01:36,683 - root - INFO -   - 결측 비율: 0.001%, 불규칙 간격: 2개
2025-12-12 15:01:36,683 - root - INFO - 압력 데이터 분석: 100% (6/6)
2025-12-12 15:01:36,683 - root - INFO - 압력 데이터 분석: 100% completed (6/6)
2025-12-12 15:01:36,683 - root - INFO - 경고 메시지 생성 중...
2025-12-12 15:01:36,683 - root - WARNING - 🔴 CRITICAL: 0480 지역 결측 비율 3.10% (임계값: 3.0%)
2025-12-12 15:01:36,684 - root - WARNING - 🔴 CRITICAL: 0480 지역 최대 연속 결측 24.0일 (2025-05-19 ~ 2025-06-12)
2025-12-12 15:01:36,684 - root - WARNING - 🔴 CRITICAL: 0490 지역 결측 비율 3.51% (임계값: 3.0%)
2025-12-12 15:01:36,684 - root - WARNING - 🔴 CRITICAL: 0490 지역 최대 연속 결측 24.0일 (2025-05-19 ~ 2025-06-12)
2025-12-12 15:01:36,684 - root - INFO - 시각화 생성 중...
2025-12-12 15:01:36,944 - matplotlib.category - INFO - Using categorical units to plot a list of strings that are all parsable as floats or dates. If these strings should be plotted as numbers, cast to the appropriate data type before plotting.
2025-12-12 15:01:36,945 - matplotlib.category - INFO - Using categorical units to plot a list of strings that are all parsable as floats or dates. If these strings should be plotted as numbers, cast to the appropriate data type before plotting.
2025-12-12 15:01:37,182 - root - INFO -   ✓ 결측 비율 비교 그래프 생성 완료
2025-12-12 15:01:37,627 - root - INFO -   ✓ 0243 타임라인 생성 완료
2025-12-12 15:01:37,910 - root - INFO -   ✓ 0461 타임라인 생성 완료
2025-12-12 15:01:38,200 - root - INFO -   ✓ 0470 타임라인 생성 완료
2025-12-12 15:01:38,483 - root - INFO -   ✓ 0480 타임라인 생성 완료
2025-12-12 15:01:38,762 - root - INFO -   ✓ 0490 타임라인 생성 완료
2025-12-12 15:01:39,015 - root - INFO -   ✓ 0520 타임라인 생성 완료
2025-12-12 15:01:39,340 - root - INFO -   ✓ 시간 간격 분포 생성 완료
2025-12-12 15:01:39,341 - root - INFO - Markdown 보고서 생성 중...
2025-12-12 15:01:39,341 - root - INFO -   ✓ 보고서 생성 완료: /Users/jhpark/development/eroumtech/fatigue/fatigue-qgis/results/main40_data_quality/data_quality_report.md
2025-12-12 15:01:39,341 - root - INFO - === main40 완료 ===
2025-12-12 15:01:39,341 - root - INFO - 결과 디렉토리: /Users/jhpark/development/eroumtech/fatigue/fatigue-qgis/results/main40_data_quality
2025-12-12 15:01:39,341 - __main__ - INFO - main took 4.20 seconds
